// Jest Snapshot v1, https://goo.gl/fbAQLP

exports[`<Footer /> renders Footer element as expected 1`] = `
<ErrorBoundry>
  <footer>
    <Component />
  </footer>
</ErrorBoundry>
`;
