// Jest Snapshot v1, https://goo.gl/fbAQLP

exports[`Toggler changes the text after click 1`] = `
<ErrorBoundry>
  <div
    className="searchFilter"
  >
        
    <div
      className="switchField"
    >
      <input
        checked={true}
        id=""
        name=""
        onChange={[Function]}
        type="radio"
        value="TITLE"
      />
      <label
        htmlFor=""
      >
        TITLE
      </label>
      <input
        checked={false}
        id=""
        name=""
        onChange={[Function]}
        type="radio"
        value="GENRE"
      />
      <label
        htmlFor=""
      >
        GENRE
      </label>
    </div>
  </div>
</ErrorBoundry>
`;
